// Jest Snapshot v1, https://goo.gl/fbAQLP

exports[`Test for Leaderboard component Component matches snapshot with user mtsamis 1`] = `
Object {
  "asFragment": [Function],
  "baseElement": <body>
    <div>
      <div
        class="container mt-4 col-lg-10"
      >
        <h2
          class="mb-4"
        >
          Leaderboard
        </h2>
        <div
          class="table-responsive"
        >
          <table
            class="table table-hover"
          >
            <thead
              class="table-dark"
            >
              <tr>
                <th>
                  Rank
                </th>
                <th>
                  User
                </th>
                <th>
                  Total Score
                </th>
                <th>
                  Questions
                </th>
                <th>
                  Answers
                </th>
              </tr>
            </thead>
            <tbody>
              <tr
                class=""
              >
                <td>
                  1
                </td>
                <td>
                  Sarah Edo
                   
                  <span
                    class="text-muted"
                  >
                    (@
                    sarahedo
                    )
                  </span>
                </td>
                <td>
                  <strong>
                    6
                  </strong>
                </td>
                <td>
                  2
                </td>
                <td>
                  4
                </td>
              </tr>
              <tr
                class="table-light"
              >
                <td>
                  2
                </td>
                <td>
                  Mike Tsamis
                   
                  <span
                    class="text-muted"
                  >
                    (@
                    mtsamis
                    )
                  </span>
                </td>
                <td>
                  <strong>
                    5
                  </strong>
                </td>
                <td>
                  2
                </td>
                <td>
                  3
                </td>
              </tr>
              <tr
                class=""
              >
                <td>
                  3
                </td>
                <td>
                  Tyler McGinnis
                   
                  <span
                    class="text-muted"
                  >
                    (@
                    tylermcginnis
                    )
                  </span>
                </td>
                <td>
                  <strong>
                    4
                  </strong>
                </td>
                <td>
                  2
                </td>
                <td>
                  2
                </td>
              </tr>
              <tr
                class=""
              >
                <td>
                  4
                </td>
                <td>
                  Zenobia Oshikanlu
                   
                  <span
                    class="text-muted"
                  >
                    (@
                    zoshikanlu
                    )
                  </span>
                </td>
                <td>
                  <strong>
                    1
                  </strong>
                </td>
                <td>
                  0
                </td>
                <td>
                  1
                </td>
              </tr>
            </tbody>
          </table>
        </div>
      </div>
    </div>
  </body>,
  "container": <div>
    <div
      class="container mt-4 col-lg-10"
    >
      <h2
        class="mb-4"
      >
        Leaderboard
      </h2>
      <div
        class="table-responsive"
      >
        <table
          class="table table-hover"
        >
          <thead
            class="table-dark"
          >
            <tr>
              <th>
                Rank
              </th>
              <th>
                User
              </th>
              <th>
                Total Score
              </th>
              <th>
                Questions
              </th>
              <th>
                Answers
              </th>
            </tr>
          </thead>
          <tbody>
            <tr
              class=""
            >
              <td>
                1
              </td>
              <td>
                Sarah Edo
                 
                <span
                  class="text-muted"
                >
                  (@
                  sarahedo
                  )
                </span>
              </td>
              <td>
                <strong>
                  6
                </strong>
              </td>
              <td>
                2
              </td>
              <td>
                4
              </td>
            </tr>
            <tr
              class="table-light"
            >
              <td>
                2
              </td>
              <td>
                Mike Tsamis
                 
                <span
                  class="text-muted"
                >
                  (@
                  mtsamis
                  )
                </span>
              </td>
              <td>
                <strong>
                  5
                </strong>
              </td>
              <td>
                2
              </td>
              <td>
                3
              </td>
            </tr>
            <tr
              class=""
            >
              <td>
                3
              </td>
              <td>
                Tyler McGinnis
                 
                <span
                  class="text-muted"
                >
                  (@
                  tylermcginnis
                  )
                </span>
              </td>
              <td>
                <strong>
                  4
                </strong>
              </td>
              <td>
                2
              </td>
              <td>
                2
              </td>
            </tr>
            <tr
              class=""
            >
              <td>
                4
              </td>
              <td>
                Zenobia Oshikanlu
                 
                <span
                  class="text-muted"
                >
                  (@
                  zoshikanlu
                  )
                </span>
              </td>
              <td>
                <strong>
                  1
                </strong>
              </td>
              <td>
                0
              </td>
              <td>
                1
              </td>
            </tr>
          </tbody>
        </table>
      </div>
    </div>
  </div>,
  "debug": [Function],
  "findAllByAltText": [Function],
  "findAllByDisplayValue": [Function],
  "findAllByLabelText": [Function],
  "findAllByPlaceholderText": [Function],
  "findAllByRole": [Function],
  "findAllByTestId": [Function],
  "findAllByText": [Function],
  "findAllByTitle": [Function],
  "findByAltText": [Function],
  "findByDisplayValue": [Function],
  "findByLabelText": [Function],
  "findByPlaceholderText": [Function],
  "findByRole": [Function],
  "findByTestId": [Function],
  "findByText": [Function],
  "findByTitle": [Function],
  "getAllByAltText": [Function],
  "getAllByDisplayValue": [Function],
  "getAllByLabelText": [Function],
  "getAllByPlaceholderText": [Function],
  "getAllByRole": [Function],
  "getAllByTestId": [Function],
  "getAllByText": [Function],
  "getAllByTitle": [Function],
  "getByAltText": [Function],
  "getByDisplayValue": [Function],
  "getByLabelText": [Function],
  "getByPlaceholderText": [Function],
  "getByRole": [Function],
  "getByTestId": [Function],
  "getByText": [Function],
  "getByTitle": [Function],
  "queryAllByAltText": [Function],
  "queryAllByDisplayValue": [Function],
  "queryAllByLabelText": [Function],
  "queryAllByPlaceholderText": [Function],
  "queryAllByRole": [Function],
  "queryAllByTestId": [Function],
  "queryAllByText": [Function],
  "queryAllByTitle": [Function],
  "queryByAltText": [Function],
  "queryByDisplayValue": [Function],
  "queryByLabelText": [Function],
  "queryByPlaceholderText": [Function],
  "queryByRole": [Function],
  "queryByTestId": [Function],
  "queryByText": [Function],
  "queryByTitle": [Function],
  "rerender": [Function],
  "unmount": [Function],
}
`;
